INFO - 2025-04-24 17:02:33 --> Session: Class initialized using 'CodeIgniter\Session\Handlers\FileHandler' driver.
INFO - 2025-04-24 17:02:33 --> Session: Class initialized using 'CodeIgniter\Session\Handlers\FileHandler' driver.
INFO - 2025-04-24 17:02:56 --> Session: Class initialized using 'CodeIgniter\Session\Handlers\FileHandler' driver.
ERROR - 2025-04-24 17:02:56 --> Error connecting to the database: mysqli_sql_exception: Access denied for user 'adminPanaderia'@'172.23.0.2' (using password: YES) in /var/www/html/system/Database/MySQLi/Connection.php:186
Stack trace:
#0 /var/www/html/system/Database/MySQLi/Connection.php(186): mysqli->real_connect('db', 'adminPanaderia', Object(SensitiveParameterValue), 'panaderia', 3306, '', 0)
#1 /var/www/html/system/Database/BaseConnection.php(421): CodeIgniter\Database\MySQLi\Connection->connect(false)
#2 /var/www/html/system/Database/BaseConnection.php(616): CodeIgniter\Database\BaseConnection->initialize()
#3 /var/www/html/system/Database/BaseBuilder.php(1644): CodeIgniter\Database\BaseConnection->query('SELECT *\nFROM `...', Array, false)
#4 /var/www/html/system/Model.php(330): CodeIgniter\Database\BaseBuilder->get()
#5 /var/www/html/system/BaseModel.php(714): CodeIgniter\Model->doFirst()
#6 /var/www/html/app/Models/UsuarioModel.php(14): CodeIgniter\BaseModel->first()
#7 /var/www/html/app/Controllers/UsuarioController.php(29): App\Models\UsuarioModel->getUserByUsuario('SuperAdmin')
#8 /var/www/html/system/CodeIgniter.php(933): App\Controllers\UsuarioController->login()
#9 /var/www/html/system/CodeIgniter.php(509): CodeIgniter\CodeIgniter->runController(Object(App\Controllers\UsuarioController))
#10 /var/www/html/system/CodeIgniter.php(355): CodeIgniter\CodeIgniter->handleRequest(NULL, Object(Config\Cache), false)
#11 /var/www/html/system/Boot.php(325): CodeIgniter\CodeIgniter->run()
#12 /var/www/html/system/Boot.php(67): CodeIgniter\Boot::runCodeIgniter(Object(CodeIgniter\CodeIgniter))
#13 /var/www/html/public/index.php(56): CodeIgniter\Boot::bootWeb(Object(Config\Paths))
#14 {main}

Next CodeIgniter\Database\Exceptions\DatabaseException: Access denied for user '****'@'172.23.0.2' (using password: YES) in /var/www/html/system/Database/MySQLi/Connection.php:231
Stack trace:
#0 /var/www/html/system/Database/BaseConnection.php(421): CodeIgniter\Database\MySQLi\Connection->connect(false)
#1 /var/www/html/system/Database/BaseConnection.php(616): CodeIgniter\Database\BaseConnection->initialize()
#2 /var/www/html/system/Database/BaseBuilder.php(1644): CodeIgniter\Database\BaseConnection->query('SELECT *\nFROM `...', Array, false)
#3 /var/www/html/system/Model.php(330): CodeIgniter\Database\BaseBuilder->get()
#4 /var/www/html/system/BaseModel.php(714): CodeIgniter\Model->doFirst()
#5 /var/www/html/app/Models/UsuarioModel.php(14): CodeIgniter\BaseModel->first()
#6 /var/www/html/app/Controllers/UsuarioController.php(29): App\Models\UsuarioModel->getUserByUsuario('SuperAdmin')
#7 /var/www/html/system/CodeIgniter.php(933): App\Controllers\UsuarioController->login()
#8 /var/www/html/system/CodeIgniter.php(509): CodeIgniter\CodeIgniter->runController(Object(App\Controllers\UsuarioController))
#9 /var/www/html/system/CodeIgniter.php(355): CodeIgniter\CodeIgniter->handleRequest(NULL, Object(Config\Cache), false)
#10 /var/www/html/system/Boot.php(325): CodeIgniter\CodeIgniter->run()
#11 /var/www/html/system/Boot.php(67): CodeIgniter\Boot::runCodeIgniter(Object(CodeIgniter\CodeIgniter))
#12 /var/www/html/public/index.php(56): CodeIgniter\Boot::bootWeb(Object(Config\Paths))
#13 {main}
CRITICAL - 2025-04-24 17:02:56 --> CodeIgniter\Database\Exceptions\DatabaseException: Unable to connect to the database.
Main connection [MySQLi]: Access denied for user '****'@'172.23.0.2' (using password: YES)
[Method: POST, Route: api/login]
in SYSTEMPATH/Database/BaseConnection.php on line 467.
 1 SYSTEMPATH/Database/BaseConnection.php(616): CodeIgniter\Database\BaseConnection->initialize()
 2 SYSTEMPATH/Database/BaseBuilder.php(1644): CodeIgniter\Database\BaseConnection->query('SELECT *
FROM `usuarios`
WHERE `usuario` = :usuario:
 LIMIT 1', [...], false)
 3 SYSTEMPATH/Model.php(330): CodeIgniter\Database\BaseBuilder->get()
 4 SYSTEMPATH/BaseModel.php(714): CodeIgniter\Model->doFirst()
 5 APPPATH/Models/UsuarioModel.php(14): CodeIgniter\BaseModel->first()
 6 APPPATH/Controllers/UsuarioController.php(29): App\Models\UsuarioModel->getUserByUsuario('SuperAdmin')
 7 SYSTEMPATH/CodeIgniter.php(933): App\Controllers\UsuarioController->login()
 8 SYSTEMPATH/CodeIgniter.php(509): CodeIgniter\CodeIgniter->runController(Object(App\Controllers\UsuarioController))
 9 SYSTEMPATH/CodeIgniter.php(355): CodeIgniter\CodeIgniter->handleRequest(null, Object(Config\Cache), false)
10 SYSTEMPATH/Boot.php(325): CodeIgniter\CodeIgniter->run()
11 SYSTEMPATH/Boot.php(67): CodeIgniter\Boot::runCodeIgniter(Object(CodeIgniter\CodeIgniter))
12 FCPATH/index.php(56): CodeIgniter\Boot::bootWeb(Object(Config\Paths))
INFO - 2025-04-24 17:07:46 --> Session: Class initialized using 'CodeIgniter\Session\Handlers\FileHandler' driver.
ERROR - 2025-04-24 17:07:46 --> Error connecting to the database: mysqli_sql_exception: Access denied for user 'adminPanaderia'@'172.23.0.2' (using password: YES) in /var/www/html/system/Database/MySQLi/Connection.php:186
Stack trace:
#0 /var/www/html/system/Database/MySQLi/Connection.php(186): mysqli->real_connect('db', 'adminPanaderia', Object(SensitiveParameterValue), 'panaderia', 3306, '', 0)
#1 /var/www/html/system/Database/BaseConnection.php(421): CodeIgniter\Database\MySQLi\Connection->connect(false)
#2 /var/www/html/system/Database/BaseConnection.php(616): CodeIgniter\Database\BaseConnection->initialize()
#3 /var/www/html/system/Database/BaseBuilder.php(1644): CodeIgniter\Database\BaseConnection->query('SELECT *\nFROM `...', Array, false)
#4 /var/www/html/system/Model.php(330): CodeIgniter\Database\BaseBuilder->get()
#5 /var/www/html/system/BaseModel.php(714): CodeIgniter\Model->doFirst()
#6 /var/www/html/app/Models/UsuarioModel.php(14): CodeIgniter\BaseModel->first()
#7 /var/www/html/app/Controllers/UsuarioController.php(29): App\Models\UsuarioModel->getUserByUsuario('SuperAdmin')
#8 /var/www/html/system/CodeIgniter.php(933): App\Controllers\UsuarioController->login()
#9 /var/www/html/system/CodeIgniter.php(509): CodeIgniter\CodeIgniter->runController(Object(App\Controllers\UsuarioController))
#10 /var/www/html/system/CodeIgniter.php(355): CodeIgniter\CodeIgniter->handleRequest(NULL, Object(Config\Cache), false)
#11 /var/www/html/system/Boot.php(325): CodeIgniter\CodeIgniter->run()
#12 /var/www/html/system/Boot.php(67): CodeIgniter\Boot::runCodeIgniter(Object(CodeIgniter\CodeIgniter))
#13 /var/www/html/public/index.php(56): CodeIgniter\Boot::bootWeb(Object(Config\Paths))
#14 {main}

Next CodeIgniter\Database\Exceptions\DatabaseException: Access denied for user '****'@'172.23.0.2' (using password: YES) in /var/www/html/system/Database/MySQLi/Connection.php:231
Stack trace:
#0 /var/www/html/system/Database/BaseConnection.php(421): CodeIgniter\Database\MySQLi\Connection->connect(false)
#1 /var/www/html/system/Database/BaseConnection.php(616): CodeIgniter\Database\BaseConnection->initialize()
#2 /var/www/html/system/Database/BaseBuilder.php(1644): CodeIgniter\Database\BaseConnection->query('SELECT *\nFROM `...', Array, false)
#3 /var/www/html/system/Model.php(330): CodeIgniter\Database\BaseBuilder->get()
#4 /var/www/html/system/BaseModel.php(714): CodeIgniter\Model->doFirst()
#5 /var/www/html/app/Models/UsuarioModel.php(14): CodeIgniter\BaseModel->first()
#6 /var/www/html/app/Controllers/UsuarioController.php(29): App\Models\UsuarioModel->getUserByUsuario('SuperAdmin')
#7 /var/www/html/system/CodeIgniter.php(933): App\Controllers\UsuarioController->login()
#8 /var/www/html/system/CodeIgniter.php(509): CodeIgniter\CodeIgniter->runController(Object(App\Controllers\UsuarioController))
#9 /var/www/html/system/CodeIgniter.php(355): CodeIgniter\CodeIgniter->handleRequest(NULL, Object(Config\Cache), false)
#10 /var/www/html/system/Boot.php(325): CodeIgniter\CodeIgniter->run()
#11 /var/www/html/system/Boot.php(67): CodeIgniter\Boot::runCodeIgniter(Object(CodeIgniter\CodeIgniter))
#12 /var/www/html/public/index.php(56): CodeIgniter\Boot::bootWeb(Object(Config\Paths))
#13 {main}
CRITICAL - 2025-04-24 17:07:46 --> CodeIgniter\Database\Exceptions\DatabaseException: Unable to connect to the database.
Main connection [MySQLi]: Access denied for user '****'@'172.23.0.2' (using password: YES)
[Method: POST, Route: api/login]
in SYSTEMPATH/Database/BaseConnection.php on line 467.
 1 SYSTEMPATH/Database/BaseConnection.php(616): CodeIgniter\Database\BaseConnection->initialize()
 2 SYSTEMPATH/Database/BaseBuilder.php(1644): CodeIgniter\Database\BaseConnection->query('SELECT *
FROM `usuarios`
WHERE `usuario` = :usuario:
 LIMIT 1', [...], false)
 3 SYSTEMPATH/Model.php(330): CodeIgniter\Database\BaseBuilder->get()
 4 SYSTEMPATH/BaseModel.php(714): CodeIgniter\Model->doFirst()
 5 APPPATH/Models/UsuarioModel.php(14): CodeIgniter\BaseModel->first()
 6 APPPATH/Controllers/UsuarioController.php(29): App\Models\UsuarioModel->getUserByUsuario('SuperAdmin')
 7 SYSTEMPATH/CodeIgniter.php(933): App\Controllers\UsuarioController->login()
 8 SYSTEMPATH/CodeIgniter.php(509): CodeIgniter\CodeIgniter->runController(Object(App\Controllers\UsuarioController))
 9 SYSTEMPATH/CodeIgniter.php(355): CodeIgniter\CodeIgniter->handleRequest(null, Object(Config\Cache), false)
10 SYSTEMPATH/Boot.php(325): CodeIgniter\CodeIgniter->run()
11 SYSTEMPATH/Boot.php(67): CodeIgniter\Boot::runCodeIgniter(Object(CodeIgniter\CodeIgniter))
12 FCPATH/index.php(56): CodeIgniter\Boot::bootWeb(Object(Config\Paths))
INFO - 2025-04-24 17:17:34 --> Session: Class initialized using 'CodeIgniter\Session\Handlers\FileHandler' driver.
ERROR - 2025-04-24 17:17:34 --> Error connecting to the database: mysqli_sql_exception: Access denied for user 'adminPanaderia'@'172.23.0.2' (using password: YES) in /var/www/html/system/Database/MySQLi/Connection.php:186
Stack trace:
#0 /var/www/html/system/Database/MySQLi/Connection.php(186): mysqli->real_connect('db', 'adminPanaderia', Object(SensitiveParameterValue), 'panaderia', 3306, '', 0)
#1 /var/www/html/system/Database/BaseConnection.php(421): CodeIgniter\Database\MySQLi\Connection->connect(false)
#2 /var/www/html/system/Database/BaseConnection.php(616): CodeIgniter\Database\BaseConnection->initialize()
#3 /var/www/html/system/Database/BaseBuilder.php(1644): CodeIgniter\Database\BaseConnection->query('SELECT *\nFROM `...', Array, false)
#4 /var/www/html/system/Model.php(330): CodeIgniter\Database\BaseBuilder->get()
#5 /var/www/html/system/BaseModel.php(714): CodeIgniter\Model->doFirst()
#6 /var/www/html/app/Models/UsuarioModel.php(14): CodeIgniter\BaseModel->first()
#7 /var/www/html/app/Controllers/UsuarioController.php(29): App\Models\UsuarioModel->getUserByUsuario('SuperAdmin')
#8 /var/www/html/system/CodeIgniter.php(933): App\Controllers\UsuarioController->login()
#9 /var/www/html/system/CodeIgniter.php(509): CodeIgniter\CodeIgniter->runController(Object(App\Controllers\UsuarioController))
#10 /var/www/html/system/CodeIgniter.php(355): CodeIgniter\CodeIgniter->handleRequest(NULL, Object(Config\Cache), false)
#11 /var/www/html/system/Boot.php(325): CodeIgniter\CodeIgniter->run()
#12 /var/www/html/system/Boot.php(67): CodeIgniter\Boot::runCodeIgniter(Object(CodeIgniter\CodeIgniter))
#13 /var/www/html/public/index.php(56): CodeIgniter\Boot::bootWeb(Object(Config\Paths))
#14 {main}

Next CodeIgniter\Database\Exceptions\DatabaseException: Access denied for user '****'@'172.23.0.2' (using password: YES) in /var/www/html/system/Database/MySQLi/Connection.php:231
Stack trace:
#0 /var/www/html/system/Database/BaseConnection.php(421): CodeIgniter\Database\MySQLi\Connection->connect(false)
#1 /var/www/html/system/Database/BaseConnection.php(616): CodeIgniter\Database\BaseConnection->initialize()
#2 /var/www/html/system/Database/BaseBuilder.php(1644): CodeIgniter\Database\BaseConnection->query('SELECT *\nFROM `...', Array, false)
#3 /var/www/html/system/Model.php(330): CodeIgniter\Database\BaseBuilder->get()
#4 /var/www/html/system/BaseModel.php(714): CodeIgniter\Model->doFirst()
#5 /var/www/html/app/Models/UsuarioModel.php(14): CodeIgniter\BaseModel->first()
#6 /var/www/html/app/Controllers/UsuarioController.php(29): App\Models\UsuarioModel->getUserByUsuario('SuperAdmin')
#7 /var/www/html/system/CodeIgniter.php(933): App\Controllers\UsuarioController->login()
#8 /var/www/html/system/CodeIgniter.php(509): CodeIgniter\CodeIgniter->runController(Object(App\Controllers\UsuarioController))
#9 /var/www/html/system/CodeIgniter.php(355): CodeIgniter\CodeIgniter->handleRequest(NULL, Object(Config\Cache), false)
#10 /var/www/html/system/Boot.php(325): CodeIgniter\CodeIgniter->run()
#11 /var/www/html/system/Boot.php(67): CodeIgniter\Boot::runCodeIgniter(Object(CodeIgniter\CodeIgniter))
#12 /var/www/html/public/index.php(56): CodeIgniter\Boot::bootWeb(Object(Config\Paths))
#13 {main}
CRITICAL - 2025-04-24 17:17:34 --> CodeIgniter\Database\Exceptions\DatabaseException: Unable to connect to the database.
Main connection [MySQLi]: Access denied for user '****'@'172.23.0.2' (using password: YES)
[Method: POST, Route: api/login]
in SYSTEMPATH/Database/BaseConnection.php on line 467.
 1 SYSTEMPATH/Database/BaseConnection.php(616): CodeIgniter\Database\BaseConnection->initialize()
 2 SYSTEMPATH/Database/BaseBuilder.php(1644): CodeIgniter\Database\BaseConnection->query('SELECT *
FROM `usuarios`
WHERE `usuario` = :usuario:
 LIMIT 1', [...], false)
 3 SYSTEMPATH/Model.php(330): CodeIgniter\Database\BaseBuilder->get()
 4 SYSTEMPATH/BaseModel.php(714): CodeIgniter\Model->doFirst()
 5 APPPATH/Models/UsuarioModel.php(14): CodeIgniter\BaseModel->first()
 6 APPPATH/Controllers/UsuarioController.php(29): App\Models\UsuarioModel->getUserByUsuario('SuperAdmin')
 7 SYSTEMPATH/CodeIgniter.php(933): App\Controllers\UsuarioController->login()
 8 SYSTEMPATH/CodeIgniter.php(509): CodeIgniter\CodeIgniter->runController(Object(App\Controllers\UsuarioController))
 9 SYSTEMPATH/CodeIgniter.php(355): CodeIgniter\CodeIgniter->handleRequest(null, Object(Config\Cache), false)
10 SYSTEMPATH/Boot.php(325): CodeIgniter\CodeIgniter->run()
11 SYSTEMPATH/Boot.php(67): CodeIgniter\Boot::runCodeIgniter(Object(CodeIgniter\CodeIgniter))
12 FCPATH/index.php(56): CodeIgniter\Boot::bootWeb(Object(Config\Paths))
