CRITICAL - 2025-05-10 06:16:24 --> CodeIgniter\HTTP\Exceptions\HTTPException: Failed to parse JSON string. Error: Syntax error
[Method: PATCH, Route: api/producto/update/2]
in SYSTEMPATH/HTTP/IncomingRequest.php on line 537.
 1 SYSTEMPATH/HTTP/IncomingRequest.php(537): CodeIgniter\HTTP\Exceptions\HTTPException::forInvalidJSON('Syntax error')
 2 APPPATH/Controllers/ProductoController.php(53): CodeIgniter\HTTP\IncomingRequest->getJSON(true)
 3 SYSTEMPATH/CodeIgniter.php(933): App\Controllers\ProductoController->updateProducto('2')
 4 SYSTEMPATH/CodeIgniter.php(509): CodeIgniter\CodeIgniter->runController(Object(App\Controllers\ProductoController))
 5 SYSTEMPATH/CodeIgniter.php(355): CodeIgniter\CodeIgniter->handleRequest(null, Object(Config\Cache), false)
 6 SYSTEMPATH/Boot.php(325): CodeIgniter\CodeIgniter->run()
 7 SYSTEMPATH/Boot.php(67): CodeIgniter\Boot::runCodeIgniter(Object(CodeIgniter\CodeIgniter))
 8 FCPATH/index.php(56): CodeIgniter\Boot::bootWeb(Object(Config\Paths))
DEBUG - 2025-05-10 06:20:26 --> Nombre: 
DEBUG - 2025-05-10 06:20:26 --> Archivo: Array
(
)

DEBUG - 2025-05-10 06:22:35 --> Nombre: 
DEBUG - 2025-05-10 06:22:35 --> Archivo: Array
(
)

DEBUG - 2025-05-10 06:23:18 --> Nombre: 
DEBUG - 2025-05-10 06:23:18 --> Archivo: Array
(
)

DEBUG - 2025-05-10 06:33:53 --> Nombre: 
DEBUG - 2025-05-10 06:33:53 --> Archivo: Array
(
)

CRITICAL - 2025-05-10 06:41:59 --> CodeIgniter\HTTP\Exceptions\HTTPException: Failed to parse JSON string. Error: Syntax error
[Method: PUT, Route: api/producto/update/2]
in SYSTEMPATH/HTTP/IncomingRequest.php on line 537.
 1 SYSTEMPATH/HTTP/IncomingRequest.php(537): CodeIgniter\HTTP\Exceptions\HTTPException::forInvalidJSON('Syntax error')
 2 APPPATH/Controllers/ProductoController.php(56): CodeIgniter\HTTP\IncomingRequest->getJSON(true)
 3 SYSTEMPATH/CodeIgniter.php(933): App\Controllers\ProductoController->updateProducto('2')
 4 SYSTEMPATH/CodeIgniter.php(509): CodeIgniter\CodeIgniter->runController(Object(App\Controllers\ProductoController))
 5 SYSTEMPATH/CodeIgniter.php(355): CodeIgniter\CodeIgniter->handleRequest(null, Object(Config\Cache), false)
 6 SYSTEMPATH/Boot.php(325): CodeIgniter\CodeIgniter->run()
 7 SYSTEMPATH/Boot.php(67): CodeIgniter\Boot::runCodeIgniter(Object(CodeIgniter\CodeIgniter))
 8 FCPATH/index.php(56): CodeIgniter\Boot::bootWeb(Object(Config\Paths))
CRITICAL - 2025-05-10 06:43:41 --> CodeIgniter\HTTP\Exceptions\HTTPException: Failed to parse JSON string. Error: Syntax error
[Method: PUT, Route: api/producto/update/2]
in SYSTEMPATH/HTTP/IncomingRequest.php on line 537.
 1 SYSTEMPATH/HTTP/IncomingRequest.php(537): CodeIgniter\HTTP\Exceptions\HTTPException::forInvalidJSON('Syntax error')
 2 APPPATH/Controllers/ProductoController.php(56): CodeIgniter\HTTP\IncomingRequest->getJSON(true)
 3 SYSTEMPATH/CodeIgniter.php(933): App\Controllers\ProductoController->updateProducto('2')
 4 SYSTEMPATH/CodeIgniter.php(509): CodeIgniter\CodeIgniter->runController(Object(App\Controllers\ProductoController))
 5 SYSTEMPATH/CodeIgniter.php(355): CodeIgniter\CodeIgniter->handleRequest(null, Object(Config\Cache), false)
 6 SYSTEMPATH/Boot.php(325): CodeIgniter\CodeIgniter->run()
 7 SYSTEMPATH/Boot.php(67): CodeIgniter\Boot::runCodeIgniter(Object(CodeIgniter\CodeIgniter))
 8 FCPATH/index.php(56): CodeIgniter\Boot::bootWeb(Object(Config\Paths))
CRITICAL - 2025-05-10 06:45:49 --> CodeIgniter\HTTP\Exceptions\HTTPException: Failed to parse JSON string. Error: Syntax error
[Method: PUT, Route: api/producto/update/2]
in SYSTEMPATH/HTTP/IncomingRequest.php on line 537.
 1 SYSTEMPATH/HTTP/IncomingRequest.php(537): CodeIgniter\HTTP\Exceptions\HTTPException::forInvalidJSON('Syntax error')
 2 APPPATH/Controllers/ProductoController.php(56): CodeIgniter\HTTP\IncomingRequest->getJSON(true)
 3 SYSTEMPATH/CodeIgniter.php(933): App\Controllers\ProductoController->updateProducto('2')
 4 SYSTEMPATH/CodeIgniter.php(509): CodeIgniter\CodeIgniter->runController(Object(App\Controllers\ProductoController))
 5 SYSTEMPATH/CodeIgniter.php(355): CodeIgniter\CodeIgniter->handleRequest(null, Object(Config\Cache), false)
 6 SYSTEMPATH/Boot.php(325): CodeIgniter\CodeIgniter->run()
 7 SYSTEMPATH/Boot.php(67): CodeIgniter\Boot::runCodeIgniter(Object(CodeIgniter\CodeIgniter))
 8 FCPATH/index.php(56): CodeIgniter\Boot::bootWeb(Object(Config\Paths))
CRITICAL - 2025-05-10 06:46:24 --> CodeIgniter\HTTP\Exceptions\HTTPException: Failed to parse JSON string. Error: Syntax error
[Method: PUT, Route: api/producto/update/2]
in SYSTEMPATH/HTTP/IncomingRequest.php on line 537.
 1 SYSTEMPATH/HTTP/IncomingRequest.php(537): CodeIgniter\HTTP\Exceptions\HTTPException::forInvalidJSON('Syntax error')
 2 APPPATH/Controllers/ProductoController.php(56): CodeIgniter\HTTP\IncomingRequest->getJSON(true)
 3 SYSTEMPATH/CodeIgniter.php(933): App\Controllers\ProductoController->updateProducto('2')
 4 SYSTEMPATH/CodeIgniter.php(509): CodeIgniter\CodeIgniter->runController(Object(App\Controllers\ProductoController))
 5 SYSTEMPATH/CodeIgniter.php(355): CodeIgniter\CodeIgniter->handleRequest(null, Object(Config\Cache), false)
 6 SYSTEMPATH/Boot.php(325): CodeIgniter\CodeIgniter->run()
 7 SYSTEMPATH/Boot.php(67): CodeIgniter\Boot::runCodeIgniter(Object(CodeIgniter\CodeIgniter))
 8 FCPATH/index.php(56): CodeIgniter\Boot::bootWeb(Object(Config\Paths))
DEBUG - 2025-05-10 06:52:38 --> Nombre: 
DEBUG - 2025-05-10 06:52:38 --> Archivo: Array
(
)

DEBUG - 2025-05-10 07:10:20 --> Nombre: 
DEBUG - 2025-05-10 07:10:20 --> Archivo: Array
(
)

INFO - 2025-05-10 10:18:47 --> Session: Class initialized using 'CodeIgniter\Session\Handlers\FileHandler' driver.
INFO - 2025-05-10 10:21:01 --> Session: Class initialized using 'CodeIgniter\Session\Handlers\FileHandler' driver.
INFO - 2025-05-10 10:21:20 --> Session: Class initialized using 'CodeIgniter\Session\Handlers\FileHandler' driver.
INFO - 2025-05-10 10:21:25 --> Session: Class initialized using 'CodeIgniter\Session\Handlers\FileHandler' driver.
INFO - 2025-05-10 10:21:34 --> Session: Class initialized using 'CodeIgniter\Session\Handlers\FileHandler' driver.
INFO - 2025-05-10 10:21:36 --> Session: Class initialized using 'CodeIgniter\Session\Handlers\FileHandler' driver.
INFO - 2025-05-10 10:47:00 --> Session: Class initialized using 'CodeIgniter\Session\Handlers\FileHandler' driver.
INFO - 2025-05-10 11:14:07 --> Session: Class initialized using 'CodeIgniter\Session\Handlers\FileHandler' driver.
INFO - 2025-05-10 11:14:20 --> Session: Class initialized using 'CodeIgniter\Session\Handlers\FileHandler' driver.
INFO - 2025-05-10 15:56:21 --> Session: Class initialized using 'CodeIgniter\Session\Handlers\FileHandler' driver.
INFO - 2025-05-10 15:56:47 --> Session: Class initialized using 'CodeIgniter\Session\Handlers\FileHandler' driver.
INFO - 2025-05-10 15:57:30 --> Session: Class initialized using 'CodeIgniter\Session\Handlers\FileHandler' driver.
INFO - 2025-05-10 15:57:32 --> Session: Class initialized using 'CodeIgniter\Session\Handlers\FileHandler' driver.
CRITICAL - 2025-05-10 16:19:56 --> ErrorException: Undefined property: App\Controllers\ProductoController::$CategoriaModel
[Method: GET, Route: api/producto]
in APPPATH/Controllers/ProductoController.php on line 19.
 1 APPPATH/Controllers/ProductoController.php(19): CodeIgniter\Debug\Exceptions->errorHandler(2, 'Undefined property: App\\Controllers\\ProductoController::$CategoriaModel', '/var/www/html/app/Controllers/ProductoController.php', 19)
 2 SYSTEMPATH/CodeIgniter.php(933): App\Controllers\ProductoController->getProducts()
 3 SYSTEMPATH/CodeIgniter.php(509): CodeIgniter\CodeIgniter->runController(Object(App\Controllers\ProductoController))
 4 SYSTEMPATH/CodeIgniter.php(355): CodeIgniter\CodeIgniter->handleRequest(null, Object(Config\Cache), false)
 5 SYSTEMPATH/Boot.php(325): CodeIgniter\CodeIgniter->run()
 6 SYSTEMPATH/Boot.php(67): CodeIgniter\Boot::runCodeIgniter(Object(CodeIgniter\CodeIgniter))
 7 FCPATH/index.php(56): CodeIgniter\Boot::bootWeb(Object(Config\Paths))
CRITICAL - 2025-05-10 16:19:59 --> ErrorException: Undefined property: App\Controllers\ProductoController::$CategoriaModel
[Method: GET, Route: api/producto]
in APPPATH/Controllers/ProductoController.php on line 19.
 1 APPPATH/Controllers/ProductoController.php(19): CodeIgniter\Debug\Exceptions->errorHandler(2, 'Undefined property: App\\Controllers\\ProductoController::$CategoriaModel', '/var/www/html/app/Controllers/ProductoController.php', 19)
 2 SYSTEMPATH/CodeIgniter.php(933): App\Controllers\ProductoController->getProducts()
 3 SYSTEMPATH/CodeIgniter.php(509): CodeIgniter\CodeIgniter->runController(Object(App\Controllers\ProductoController))
 4 SYSTEMPATH/CodeIgniter.php(355): CodeIgniter\CodeIgniter->handleRequest(null, Object(Config\Cache), false)
 5 SYSTEMPATH/Boot.php(325): CodeIgniter\CodeIgniter->run()
 6 SYSTEMPATH/Boot.php(67): CodeIgniter\Boot::runCodeIgniter(Object(CodeIgniter\CodeIgniter))
 7 FCPATH/index.php(56): CodeIgniter\Boot::bootWeb(Object(Config\Paths))
CRITICAL - 2025-05-10 16:20:11 --> ErrorException: Undefined property: App\Controllers\ProductoController::$CategoriaModel
[Method: GET, Route: api/producto]
in APPPATH/Controllers/ProductoController.php on line 19.
 1 APPPATH/Controllers/ProductoController.php(19): CodeIgniter\Debug\Exceptions->errorHandler(2, 'Undefined property: App\\Controllers\\ProductoController::$CategoriaModel', '/var/www/html/app/Controllers/ProductoController.php', 19)
 2 SYSTEMPATH/CodeIgniter.php(933): App\Controllers\ProductoController->getProducts()
 3 SYSTEMPATH/CodeIgniter.php(509): CodeIgniter\CodeIgniter->runController(Object(App\Controllers\ProductoController))
 4 SYSTEMPATH/CodeIgniter.php(355): CodeIgniter\CodeIgniter->handleRequest(null, Object(Config\Cache), false)
 5 SYSTEMPATH/Boot.php(325): CodeIgniter\CodeIgniter->run()
 6 SYSTEMPATH/Boot.php(67): CodeIgniter\Boot::runCodeIgniter(Object(CodeIgniter\CodeIgniter))
 7 FCPATH/index.php(56): CodeIgniter\Boot::bootWeb(Object(Config\Paths))
CRITICAL - 2025-05-10 16:22:43 --> ErrorException: Undefined property: App\Controllers\ProductoController::$categoriaModel
[Method: GET, Route: api/producto]
in APPPATH/Controllers/ProductoController.php on line 19.
 1 APPPATH/Controllers/ProductoController.php(19): CodeIgniter\Debug\Exceptions->errorHandler(2, 'Undefined property: App\\Controllers\\ProductoController::$categoriaModel', '/var/www/html/app/Controllers/ProductoController.php', 19)
 2 SYSTEMPATH/CodeIgniter.php(933): App\Controllers\ProductoController->getProducts()
 3 SYSTEMPATH/CodeIgniter.php(509): CodeIgniter\CodeIgniter->runController(Object(App\Controllers\ProductoController))
 4 SYSTEMPATH/CodeIgniter.php(355): CodeIgniter\CodeIgniter->handleRequest(null, Object(Config\Cache), false)
 5 SYSTEMPATH/Boot.php(325): CodeIgniter\CodeIgniter->run()
 6 SYSTEMPATH/Boot.php(67): CodeIgniter\Boot::runCodeIgniter(Object(CodeIgniter\CodeIgniter))
 7 FCPATH/index.php(56): CodeIgniter\Boot::bootWeb(Object(Config\Paths))
INFO - 2025-05-10 17:57:33 --> Session: Class initialized using 'CodeIgniter\Session\Handlers\FileHandler' driver.
INFO - 2025-05-10 18:29:26 --> Session: Class initialized using 'CodeIgniter\Session\Handlers\FileHandler' driver.
INFO - 2025-05-10 18:29:33 --> Session: Class initialized using 'CodeIgniter\Session\Handlers\FileHandler' driver.
INFO - 2025-05-10 18:29:37 --> Session: Class initialized using 'CodeIgniter\Session\Handlers\FileHandler' driver.
