DEBUG - 2025-05-09 17:18:14 --> Nombre: 
DEBUG - 2025-05-09 17:18:14 --> Archivo: Array
(
)

DEBUG - 2025-05-09 17:24:29 --> Nombre: 
DEBUG - 2025-05-09 17:24:29 --> Archivo: Array
(
)

DEBUG - 2025-05-09 17:26:46 --> Nombre: 
DEBUG - 2025-05-09 17:26:46 --> Archivo: Array
(
)

DEBUG - 2025-05-09 17:27:37 --> Nombre: 
DEBUG - 2025-05-09 17:27:37 --> Archivo: Array
(
)

DEBUG - 2025-05-09 18:04:14 --> Nombre: 
DEBUG - 2025-05-09 18:04:14 --> Archivo: Array
(
)

CRITICAL - 2025-05-09 18:04:57 --> CodeIgniter\HTTP\Exceptions\HTTPException: Failed to parse JSON string. Error: Syntax error
[Method: PATCH, Route: api/producto/update/2]
in SYSTEMPATH/HTTP/IncomingRequest.php on line 537.
 1 SYSTEMPATH/HTTP/IncomingRequest.php(537): CodeIgniter\HTTP\Exceptions\HTTPException::forInvalidJSON('Syntax error')
 2 APPPATH/Controllers/ProductoController.php(53): CodeIgniter\HTTP\IncomingRequest->getJSON(true)
 3 SYSTEMPATH/CodeIgniter.php(933): App\Controllers\ProductoController->updateProducto('2')
 4 SYSTEMPATH/CodeIgniter.php(509): CodeIgniter\CodeIgniter->runController(Object(App\Controllers\ProductoController))
 5 SYSTEMPATH/CodeIgniter.php(355): CodeIgniter\CodeIgniter->handleRequest(null, Object(Config\Cache), false)
 6 SYSTEMPATH/Boot.php(325): CodeIgniter\CodeIgniter->run()
 7 SYSTEMPATH/Boot.php(67): CodeIgniter\Boot::runCodeIgniter(Object(CodeIgniter\CodeIgniter))
 8 FCPATH/index.php(56): CodeIgniter\Boot::bootWeb(Object(Config\Paths))
CRITICAL - 2025-05-09 18:05:11 --> CodeIgniter\HTTP\Exceptions\HTTPException: Failed to parse JSON string. Error: Syntax error
[Method: PATCH, Route: api/producto/update/2]
in SYSTEMPATH/HTTP/IncomingRequest.php on line 537.
 1 SYSTEMPATH/HTTP/IncomingRequest.php(537): CodeIgniter\HTTP\Exceptions\HTTPException::forInvalidJSON('Syntax error')
 2 APPPATH/Controllers/ProductoController.php(53): CodeIgniter\HTTP\IncomingRequest->getJSON(true)
 3 SYSTEMPATH/CodeIgniter.php(933): App\Controllers\ProductoController->updateProducto('2')
 4 SYSTEMPATH/CodeIgniter.php(509): CodeIgniter\CodeIgniter->runController(Object(App\Controllers\ProductoController))
 5 SYSTEMPATH/CodeIgniter.php(355): CodeIgniter\CodeIgniter->handleRequest(null, Object(Config\Cache), false)
 6 SYSTEMPATH/Boot.php(325): CodeIgniter\CodeIgniter->run()
 7 SYSTEMPATH/Boot.php(67): CodeIgniter\Boot::runCodeIgniter(Object(CodeIgniter\CodeIgniter))
 8 FCPATH/index.php(56): CodeIgniter\Boot::bootWeb(Object(Config\Paths))
